DPDK_20.0 {
	global:
	agiep_pci_bar;
	agiep_get_portid;
	agiep_get_ep;
	agiep_pci_init;
	agiep_pci_bar_size;
	agiep_dma_fini;
	agiep_dma_batch_enqueue;
	agiep_dma_create;
	agiep_dma_dequeue_buffers;
	agiep_dma_enqueue_buffers;
	agiep_dma_free;
	agiep_dma_group_enqueue;
	agiep_dma_init;
	agiep_dma_rbp;
	agiep_logtype_common;
	agiep_reg_expand_run;
	agiep_reg_poller_init;
	agiep_reg_poller_process;
	agiep_virtio_create;
	agiep_virtio_destroy;
	agiep_virtio_msix_raise;
	agiep_virtio_reset_vector;
	legacy_reset_device_reg;
	agiep_virtio_legacy_expand_reset;
	virtqueu_canbe_cache;
	virtqueue_cache;
	virtqueue_cache_error;
	virtqueue_create;
	virtqueue_desc_num;
	virtqueue_dma_rejob;
	virtqueue_elems;
	virtqueue_enabled;
	virtqueue_flush;
	virtqueue_flush_idx;
	virtqueue_free;
	virtqueue_idx_pop;
	virtqueue_idx_push;
	virtqueue_indir_cache;
	virtqueue_inv;
	virtqueue_num;
	virtqueue_outv;
	virtqueue_pop;
	virtqueue_push;
	virtqueue_set_addr;
	virtqueue_set_pci_addr;
	virtqueue_set_dma;
	agiep_dma_dequeue_process;
	agiep_dma_dequeue_process;
	agiep_reg_poller_send_reg;
	agiep_reg_poller_send_unreg;
	agiep_virtio_with_feature;
	virtqueue_set_predict_mode;
	agiep_virtio_with_feature;
	virtqueue_set_predict_mode;
	agiep_virtio_with_feature;
	virtqueue_set_predict_mode;
	virtqueue_get_last_avail;
	virtqueue_get_last_used;
	virtqueue_get_last_avail;
	virtqueue_get_last_used;
	virtqueue_set_last_avail;
	virtqueue_set_last_used;
	virtqueue_set_last_avail;
	virtqueue_set_last_used;
	virtqueue_set_predict_mode;
	virtqueue_set_predict_mode;
	virtqueue_scan_avail;
	agiep_dirty_log_add;
	agiep_dirty_log_disable;
	agiep_dirty_log_enable;
	agiep_dirty_log_get;
	agiep_dirty_log_init;
	agiep_dirty_log_process;
	agiep_dirty_log_release;
	agiep_dirty_log_synchronize;
	agiep_dma_free_syn;
	agiep_dma_synchronize;
	virtqueue_flush_synchronize;
	virtqueue_get_predict_mode;
	agiep_mng_init;
	agiep_mng_set_mng_addr;
	agiep_mng_get_mngip;
	agiep_mng_get_netmask;
	agiep_reg_poller_send_reg_batch;
	agiep_reg_poller_send_unreg_batch;
	virtqueue_interruptable;
	virtqueue_avail_idx;
	virtqueue_set_interrupt;
	virtqueue_get_interrupt;
	local: *;
};
